
> @weaver/web@0.1.0 build /Users/sebastianpazvillarreal/orca/projects/Weaver/apps/web
> next build

▲ Next.js 16.3.5 (Turbopack)
✓ Running next.config.ts took 9ms

  Creating an optimized production build ...
✓ Compiled successfully in 101ms
  Running TypeScript ...
  Finished TypeScript in 584ms ...
  Collecting page data using 9 workers ...
  Generating static pages using 9 workers (0/8) ...
  Generating static pages using 9 workers (2/8) 
  Generating static pages using 9 workers (4/8) 
  Generating static pages using 9 workers (6/8) 
✓ Generating static pages using 9 workers (8/8) in 190ms
  Finalizing page optimization ...

Route (app)
┌ ƒ /
├ ○ /_not-found
├ ○ /chat
├ ƒ /dashboard
├ ○ /developers
├ ○ /forge
└ ○ /security


○  (Static)   prerendered as static content
ƒ  (Dynamic)  server-rendered on demand

